###############################################################################
#
# IAR ELF Linker V8.20.2.14835/W32 for ARM                30/Jan/2018  13:08:13
# Copyright 2007-2017 IAR Systems AB.
#
#    Output file  =  
#        C:\Users\gunho\Desktop\usb_cdc\EWARM\usb_cdc\Exe\usb_cdc.out
#    Map file     =  
#        C:\Users\gunho\Desktop\usb_cdc\EWARM\usb_cdc\List\usb_cdc.map
#    Command line =  
#        -f C:\Users\gunho\AppData\Local\Temp\EW7A6E.tmp
#        (C:\Users\gunho\Desktop\usb_cdc\EWARM\usb_cdc\Obj\main.o
#        C:\Users\gunho\Desktop\usb_cdc\EWARM\usb_cdc\Obj\startup_stm32f407xx.o
#        C:\Users\gunho\Desktop\usb_cdc\EWARM\usb_cdc\Obj\stm32f4xx_hal.o
#        C:\Users\gunho\Desktop\usb_cdc\EWARM\usb_cdc\Obj\stm32f4xx_hal_cortex.o
#        C:\Users\gunho\Desktop\usb_cdc\EWARM\usb_cdc\Obj\stm32f4xx_hal_dma.o
#        C:\Users\gunho\Desktop\usb_cdc\EWARM\usb_cdc\Obj\stm32f4xx_hal_dma_ex.o
#        C:\Users\gunho\Desktop\usb_cdc\EWARM\usb_cdc\Obj\stm32f4xx_hal_flash.o
#        C:\Users\gunho\Desktop\usb_cdc\EWARM\usb_cdc\Obj\stm32f4xx_hal_flash_ex.o
#        C:\Users\gunho\Desktop\usb_cdc\EWARM\usb_cdc\Obj\stm32f4xx_hal_flash_ramfunc.o
#        C:\Users\gunho\Desktop\usb_cdc\EWARM\usb_cdc\Obj\stm32f4xx_hal_gpio.o
#        C:\Users\gunho\Desktop\usb_cdc\EWARM\usb_cdc\Obj\stm32f4xx_hal_msp.o
#        C:\Users\gunho\Desktop\usb_cdc\EWARM\usb_cdc\Obj\stm32f4xx_hal_pcd.o
#        C:\Users\gunho\Desktop\usb_cdc\EWARM\usb_cdc\Obj\stm32f4xx_hal_pcd_ex.o
#        C:\Users\gunho\Desktop\usb_cdc\EWARM\usb_cdc\Obj\stm32f4xx_hal_pwr.o
#        C:\Users\gunho\Desktop\usb_cdc\EWARM\usb_cdc\Obj\stm32f4xx_hal_pwr_ex.o
#        C:\Users\gunho\Desktop\usb_cdc\EWARM\usb_cdc\Obj\stm32f4xx_hal_rcc.o
#        C:\Users\gunho\Desktop\usb_cdc\EWARM\usb_cdc\Obj\stm32f4xx_hal_rcc_ex.o
#        C:\Users\gunho\Desktop\usb_cdc\EWARM\usb_cdc\Obj\stm32f4xx_hal_tim.o
#        C:\Users\gunho\Desktop\usb_cdc\EWARM\usb_cdc\Obj\stm32f4xx_hal_tim_ex.o
#        C:\Users\gunho\Desktop\usb_cdc\EWARM\usb_cdc\Obj\stm32f4xx_it.o
#        C:\Users\gunho\Desktop\usb_cdc\EWARM\usb_cdc\Obj\stm32f4xx_ll_usb.o
#        C:\Users\gunho\Desktop\usb_cdc\EWARM\usb_cdc\Obj\system_stm32f4xx.o
#        C:\Users\gunho\Desktop\usb_cdc\EWARM\usb_cdc\Obj\usb_device.o
#        C:\Users\gunho\Desktop\usb_cdc\EWARM\usb_cdc\Obj\usbd_cdc.o
#        C:\Users\gunho\Desktop\usb_cdc\EWARM\usb_cdc\Obj\usbd_cdc_if.o
#        C:\Users\gunho\Desktop\usb_cdc\EWARM\usb_cdc\Obj\usbd_conf.o
#        C:\Users\gunho\Desktop\usb_cdc\EWARM\usb_cdc\Obj\usbd_core.o
#        C:\Users\gunho\Desktop\usb_cdc\EWARM\usb_cdc\Obj\usbd_ctlreq.o
#        C:\Users\gunho\Desktop\usb_cdc\EWARM\usb_cdc\Obj\usbd_desc.o
#        C:\Users\gunho\Desktop\usb_cdc\EWARM\usb_cdc\Obj\usbd_ioreq.o
#        --redirect _Printf=_PrintfFull --redirect _Scanf=_ScanfFull -o
#        C:\Users\gunho\Desktop\usb_cdc\EWARM\usb_cdc\Exe\usb_cdc.out --map
#        C:\Users\gunho\Desktop\usb_cdc\EWARM\usb_cdc\List\usb_cdc.map --config
#        C:\Users\gunho\Desktop\usb_cdc\EWARM/stm32f407xx_flash.icf
#        --semihosting --entry __iar_program_start --vfe --text_out locale)
#
###############################################################################

*******************************************************************************
*** RUNTIME MODEL ATTRIBUTES
***

CppFlavor       = *
__Heap_Handler  = DLMalloc
__SystemLibrary = DLib
__dlib_version  = 6


*******************************************************************************
*** HEAP SELECTION
***

The advanced heap was selected because the application calls memory
allocation functions outside of system library functions, and there
are calls to deallocation functions in the application.


*******************************************************************************
*** PLACEMENT SUMMARY
***

"A0":  place at 0x08000000 { ro section .intvec };
"P1":  place in [from 0x08000000 to 0x080fffff] { ro };
define block CSTACK with size = 1K, alignment = 8 { };
define block HEAP with size = 512, alignment = 8 { };
"P2":  place in [from 0x20000000 to 0x2001ffff] {
          rw, block CSTACK, block HEAP };
initialize by copy { rw };

  Section            Kind        Address    Size  Object
  -------            ----        -------    ----  ------
"A0":                                      0x188
  .intvec            ro code  0x08000000   0x188  startup_stm32f407xx.o [1]
                            - 0x08000188   0x188

"P1":                                     0x466f
  .text              ro code  0x08000188  0x14d4  dlmalloc.o [3]
  .text              ro code  0x0800165c     0x6  abort.o [3]
  .text              ro code  0x08001662    0x7a  lz77_init_single.o [5]
  .text              ro code  0x080016dc    0x2c  xgetmemchunk.o [3]
  .text              ro code  0x08001708    0x14  exit.o [6]
  .text              ro code  0x0800171c   0x930  stm32f4xx_ll_usb.o [1]
  .text              ro code  0x0800204c    0x1e  stm32f4xx_hal.o [1]
  .text              ro code  0x0800206c     0xc  stm32f4xx_hal.o [1]
  .text              ro code  0x08002078   0x7fe  stm32f4xx_hal_pcd.o [1]
  .text              ro code  0x08002878   0x2c8  usbd_conf.o [1]
  .text              ro code  0x08002b40    0x86  ABImemcpy.o [5]
  .text              ro code  0x08002bc8   0x178  stm32f4xx_hal_rcc.o [1]
  .text              ro code  0x08002d40   0x1ec  stm32f4xx_hal_gpio.o [1]
  .text              ro code  0x08002f2c    0xe6  stm32f4xx_hal_cortex.o [1]
  .text              ro code  0x08003012   0x246  usbd_core.o [1]
  .text              ro code  0x08003258   0x304  main.o [1]
  .text              ro code  0x0800355c    0x4a  stm32f4xx_hal_pcd_ex.o [1]
  .text              ro code  0x080035a8    0x28  stm32f4xx_hal.o [1]
  .text              ro code  0x080035d0   0x22e  I64DivMod.o [5]
  .text              ro code  0x08003800   0x3aa  usbd_ctlreq.o [1]
  .text              ro code  0x08003baa    0x60  usbd_ioreq.o [1]
  .text              ro code  0x08003c0c    0x34  stm32f4xx_hal.o [1]
  .text              ro code  0x08003c40    0x38  usb_device.o [1]
  .text              ro code  0x08003c78    0x36  strlen.o [5]
  .text              ro code  0x08003cb0    0x70  strncpy.o [5]
  .text              ro code  0x08003d20    0x20  strcat.o [3]
  .text              ro code  0x08003d40    0x74  usbd_cdc_if.o [1]
  .text              ro code  0x08003db4     0x6  ABImemclr.o [5]
  .text              ro code  0x08003dbc   0x2d0  stm32f4xx_hal_rcc.o [1]
  .text              ro code  0x0800408c     0x2  I64DivZer.o [5]
  .text              ro code  0x0800408e    0x60  stm32f4xx_hal_msp.o [1]
  .text              ro code  0x080040f0   0x230  usbd_cdc.o [1]
  .text              ro code  0x08004320    0x5e  ABImemset.o [5]
  .text              ro code  0x0800437e     0x4  heaptramp0.o [3]
  .text              ro code  0x08004384    0xc0  usbd_desc.o [1]
  .text              ro code  0x08004444    0x60  system_stm32f4xx.o [1]
  .text              ro code  0x080044a4    0x40  zero_init3.o [5]
  .text              ro code  0x080044e4    0x28  data_init.o [5]
  .text              ro code  0x0800450c    0x22  fpinit_M.o [4]
  .iar.init_table    const    0x08004530    0x20  - Linker created -
  .text              ro code  0x08004550    0x1e  cmain.o [5]
  .text              ro code  0x0800456e     0x4  low_level_init.o [3]
  .text              ro code  0x08004572     0x4  exit.o [3]
  .text              ro code  0x08004578     0xa  cexit.o [5]
  .text              ro code  0x08004584    0x18  stm32f4xx_it.o [1]
  .text              ro code  0x0800459c    0x10  stm32f4xx_hal.o [1]
  .text              ro code  0x080045ac    0x10  startup_stm32f407xx.o [1]
  .text              ro code  0x080045bc     0xc  cstartup_M.o [5]
  .text              ro code  0x080045c8     0x4  startup_stm32f407xx.o [1]
  .text              ro code  0x080045cc     0x4  startup_stm32f407xx.o [1]
  .text              ro code  0x080045d0     0x4  startup_stm32f407xx.o [1]
  .text              ro code  0x080045d4     0x4  startup_stm32f407xx.o [1]
  .text              ro code  0x080045d8     0x4  startup_stm32f407xx.o [1]
  .text              ro code  0x080045dc     0x4  startup_stm32f407xx.o [1]
  .text              ro code  0x080045e0     0x4  startup_stm32f407xx.o [1]
  .text              ro code  0x080045e4     0x4  startup_stm32f407xx.o [1]
  .text              ro code  0x080045e8     0x4  startup_stm32f407xx.o [1]
  .text              ro code  0x080045ec     0x4  startup_stm32f407xx.o [1]
  .text              ro code  0x080045f0     0x4  startup_stm32f407xx.o [1]
  .text              ro code  0x080045f4     0x4  startup_stm32f407xx.o [1]
  .text              ro code  0x080045f8     0x4  startup_stm32f407xx.o [1]
  .text              ro code  0x080045fc     0x4  startup_stm32f407xx.o [1]
  .text              ro code  0x08004600     0x4  startup_stm32f407xx.o [1]
  .text              ro code  0x08004604     0x4  startup_stm32f407xx.o [1]
  .text              ro code  0x08004608     0x4  startup_stm32f407xx.o [1]
  .text              ro code  0x0800460c     0x4  startup_stm32f407xx.o [1]
  .text              ro code  0x08004610     0x4  startup_stm32f407xx.o [1]
  .text              ro code  0x08004614     0x4  startup_stm32f407xx.o [1]
  .text              ro code  0x08004618     0x4  startup_stm32f407xx.o [1]
  .text              ro code  0x0800461c     0x4  startup_stm32f407xx.o [1]
  .text              ro code  0x08004620     0x4  startup_stm32f407xx.o [1]
  .text              ro code  0x08004624     0x4  startup_stm32f407xx.o [1]
  .text              ro code  0x08004628     0x4  startup_stm32f407xx.o [1]
  .text              ro code  0x0800462c     0x4  startup_stm32f407xx.o [1]
  .text              ro code  0x08004630     0x4  startup_stm32f407xx.o [1]
  .text              ro code  0x08004634     0x4  startup_stm32f407xx.o [1]
  .text              ro code  0x08004638     0x4  startup_stm32f407xx.o [1]
  .text              ro code  0x0800463c     0x4  startup_stm32f407xx.o [1]
  .text              ro code  0x08004640     0x4  startup_stm32f407xx.o [1]
  .text              ro code  0x08004644     0x4  startup_stm32f407xx.o [1]
  .text              ro code  0x08004648     0x4  startup_stm32f407xx.o [1]
  .text              ro code  0x0800464c     0x4  startup_stm32f407xx.o [1]
  .text              ro code  0x08004650     0x4  startup_stm32f407xx.o [1]
  .text              ro code  0x08004654     0x4  startup_stm32f407xx.o [1]
  .text              ro code  0x08004658     0x4  startup_stm32f407xx.o [1]
  .text              ro code  0x0800465c     0x4  startup_stm32f407xx.o [1]
  .text              ro code  0x08004660     0x4  startup_stm32f407xx.o [1]
  .text              ro code  0x08004664     0x4  startup_stm32f407xx.o [1]
  .text              ro code  0x08004668     0x4  startup_stm32f407xx.o [1]
  .text              ro code  0x0800466c     0x4  startup_stm32f407xx.o [1]
  .text              ro code  0x08004670     0x4  startup_stm32f407xx.o [1]
  .text              ro code  0x08004674     0x4  startup_stm32f407xx.o [1]
  .text              ro code  0x08004678     0x4  startup_stm32f407xx.o [1]
  .text              ro code  0x0800467c     0x4  startup_stm32f407xx.o [1]
  .text              ro code  0x08004680     0x4  startup_stm32f407xx.o [1]
  .text              ro code  0x08004684     0x4  startup_stm32f407xx.o [1]
  .text              ro code  0x08004688     0x4  startup_stm32f407xx.o [1]
  .text              ro code  0x0800468c     0x4  startup_stm32f407xx.o [1]
  .text              ro code  0x08004690     0x4  startup_stm32f407xx.o [1]
  .text              ro code  0x08004694     0x4  startup_stm32f407xx.o [1]
  .text              ro code  0x08004698     0x4  startup_stm32f407xx.o [1]
  .text              ro code  0x0800469c     0x4  startup_stm32f407xx.o [1]
  .text              ro code  0x080046a0     0x4  startup_stm32f407xx.o [1]
  .text              ro code  0x080046a4     0x4  startup_stm32f407xx.o [1]
  .text              ro code  0x080046a8     0x4  startup_stm32f407xx.o [1]
  .text              ro code  0x080046ac     0x4  startup_stm32f407xx.o [1]
  .text              ro code  0x080046b0     0x4  startup_stm32f407xx.o [1]
  .text              ro code  0x080046b4     0x4  startup_stm32f407xx.o [1]
  .text              ro code  0x080046b8     0x4  startup_stm32f407xx.o [1]
  .text              ro code  0x080046bc     0x4  startup_stm32f407xx.o [1]
  .text              ro code  0x080046c0     0x4  startup_stm32f407xx.o [1]
  .text              ro code  0x080046c4     0x4  startup_stm32f407xx.o [1]
  .text              ro code  0x080046c8     0x4  startup_stm32f407xx.o [1]
  .text              ro code  0x080046cc     0x4  startup_stm32f407xx.o [1]
  .text              ro code  0x080046d0     0x4  startup_stm32f407xx.o [1]
  .text              ro code  0x080046d4     0x4  startup_stm32f407xx.o [1]
  .text              ro code  0x080046d8     0x4  startup_stm32f407xx.o [1]
  .text              ro code  0x080046dc     0x4  startup_stm32f407xx.o [1]
  .text              ro code  0x080046e0     0x4  startup_stm32f407xx.o [1]
  .text              ro code  0x080046e4     0x4  startup_stm32f407xx.o [1]
  .text              ro code  0x080046e8     0x4  startup_stm32f407xx.o [1]
  .text              ro code  0x080046ec     0x4  startup_stm32f407xx.o [1]
  .text              ro code  0x080046f0     0x4  startup_stm32f407xx.o [1]
  .text              ro code  0x080046f4     0x4  startup_stm32f407xx.o [1]
  .text              ro code  0x080046f8     0x4  startup_stm32f407xx.o [1]
  .text              ro code  0x080046fc     0x4  startup_stm32f407xx.o [1]
  .text              ro code  0x08004700     0x4  startup_stm32f407xx.o [1]
  .text              ro code  0x08004704     0x4  startup_stm32f407xx.o [1]
  .text              ro code  0x08004708     0x4  startup_stm32f407xx.o [1]
  .text              ro code  0x0800470c     0x4  startup_stm32f407xx.o [1]
  .text              ro code  0x08004710     0x4  startup_stm32f407xx.o [1]
  .text              ro code  0x08004714     0x4  startup_stm32f407xx.o [1]
  .text              ro code  0x08004718     0x4  startup_stm32f407xx.o [1]
  .text              ro code  0x0800471c     0x4  startup_stm32f407xx.o [1]
  .text              ro code  0x08004720     0x4  startup_stm32f407xx.o [1]
  .text              ro code  0x08004724     0x4  startup_stm32f407xx.o [1]
  .rodata            const    0x08004728     0x0  zero_init3.o [5]
  .rodata            const    0x08004728     0x0  lz77_init_single.o [5]
  Initializer bytes  const    0x08004728    0xcf  <for P2-1>
                            - 0x080047f7  0x466f

"P2", part 1 of 3:                         0x158
  P2-1                        0x20000000   0x158  <Init block>
    .data            inited   0x20000000     0x4  system_stm32f4xx.o [1]
    .data            inited   0x20000004     0xc  usbd_cdc.o [1]
    .data            inited   0x20000010    0x38  usbd_cdc.o [1]
    .data            inited   0x20000048    0x44  usbd_cdc.o [1]
    .data            inited   0x2000008c    0x44  usbd_cdc.o [1]
    .data            inited   0x200000d0    0x44  usbd_cdc.o [1]
    .data            inited   0x20000114    0x10  usbd_cdc_if.o [1]
    .data            inited   0x20000124    0x1c  usbd_desc.o [1]
    .data            inited   0x20000140    0x14  usbd_desc.o [1]
    .data            inited   0x20000154     0x4  usbd_desc.o [1]
                            - 0x20000158   0x158

"P2", part 2 of 3:                         0xa90
  .bss               zero     0x20000158   0x3f0  usbd_conf.o [1]
  .bss               zero     0x20000548   0x224  usb_device.o [1]
  .bss               zero     0x2000076c   0x200  usbd_desc.o [1]
  .bss               zero     0x2000096c   0x1d8  dlmalloc.o [3]
  .bss               zero     0x20000b44    0x80  usbd_cdc_if.o [1]
  .bss               zero     0x20000bc4    0x18  dlmalloc.o [3]
  .bss               zero     0x20000bdc     0x4  stm32f4xx_hal.o [1]
  .bss               zero     0x20000be0     0x4  xgetmemchunk.o [3]
  .bss               zero     0x20000be4     0x1  usbd_cdc.o [1]
  .bss               zero     0x20000be5     0x1  usbd_ctlreq.o [1]
                            - 0x20000be6   0xa8e

"P2", part 3 of 3:                         0x600
  CSTACK                      0x20000be8   0x400  <Block>
    CSTACK           uninit   0x20000be8   0x400  <Block tail>
  HEAP                        0x20000fe8   0x200  <Block>
    HEAP             uninit   0x20000fe8   0x200  <Block tail>
                            - 0x200011e8   0x600


*******************************************************************************
*** INIT TABLE
***

          Address     Size
          -------     ----
Zero (__iar_zero_init3)
    1 destination range, total size 0xa8e:
          0x20000158  0xa8e

Copy/lz77 (__iar_lz77_init_single3)
    1 source range, total size 0xcf (60% of destination):
          0x08004728   0xcf
    1 destination range, total size 0x158:
          0x20000000  0x158



*******************************************************************************
*** MODULE SUMMARY
***

    Module                  ro code  ro data  rw data
    ------                  -------  -------  -------
C:\Users\gunho\Desktop\usb_cdc\EWARM\usb_cdc\Obj: [1]
    main.o                      772
    startup_stm32f407xx.o       760
    stm32f4xx_hal.o             150                 4
    stm32f4xx_hal_cortex.o      230
    stm32f4xx_hal_gpio.o        492
    stm32f4xx_hal_msp.o          96
    stm32f4xx_hal_pcd.o       2 046
    stm32f4xx_hal_pcd_ex.o       74
    stm32f4xx_hal_rcc.o       1 096
    stm32f4xx_it.o               24
    stm32f4xx_ll_usb.o        2 352
    system_stm32f4xx.o           96        2        4
    usb_device.o                 56               548
    usbd_cdc.o                  560      164      273
    usbd_cdc_if.o               116        9      144
    usbd_conf.o                 712             1 008
    usbd_core.o                 582
    usbd_ctlreq.o               938                 1
    usbd_desc.o                 192       32      564
    usbd_ioreq.o                 96
    -------------------------------------------------
    Total:                   11 440      207    2 546

command line: [2]
    -------------------------------------------------
    Total:

dl7M_tlf.a: [3]
    abort.o                       6
    dlmalloc.o                5 332               496
    exit.o                        4
    heaptramp0.o                  4
    low_level_init.o              4
    strcat.o                     32
    xgetmemchunk.o               44                 4
    -------------------------------------------------
    Total:                    5 426               500

m7M_tls.a: [4]
    fpinit_M.o                   34
    -------------------------------------------------
    Total:                       34

rt7M_tl.a: [5]
    ABImemclr.o                   6
    ABImemcpy.o                 134
    ABImemset.o                  94
    I64DivMod.o                 558
    I64DivZer.o                   2
    cexit.o                      10
    cmain.o                      30
    cstartup_M.o                 12
    data_init.o                  40
    lz77_init_single.o          122
    strlen.o                     54
    strncpy.o                   112
    zero_init3.o                 64
    -------------------------------------------------
    Total:                    1 238

shb_l.a: [6]
    exit.o                       20
    -------------------------------------------------
    Total:                       20

    Gaps                         24        2
    Linker created                        32    1 536
-----------------------------------------------------
    Grand Total:             18 182      241    4 582


*******************************************************************************
*** ENTRY LIST
***

Entry                      Address   Size  Type      Object
-----                      -------   ----  ----      ------
.iar.init_table$$Base   0x08004530          --   Gb  - Linker created -
.iar.init_table$$Limit  0x08004550          --   Gb  - Linker created -
?main                   0x08004551         Code  Gb  cmain.o [5]
AHBPrescTable           0x08004494   0x10  Data  Gb  system_stm32f4xx.o [1]
CDC_Control_FS          0x08003d63    0x4  Code  Lc  usbd_cdc_if.o [1]
CDC_DeInit_FS           0x08003d5f    0x4  Code  Lc  usbd_cdc_if.o [1]
CDC_Init_FS             0x08003d41   0x1e  Code  Lc  usbd_cdc_if.o [1]
CDC_Receive_FS          0x08003d67   0x20  Code  Lc  usbd_cdc_if.o [1]
CDC_Transmit_FS         0x08003d87   0x26  Code  Gb  usbd_cdc_if.o [1]
CSTACK$$Base            0x20000be8          --   Gb  - Linker created -
CSTACK$$Limit           0x20000fe8          --   Gb  - Linker created -
FS_Desc                 0x20000124   0x1c  Data  Gb  usbd_desc.o [1]
HAL_Delay               0x0800204d   0x1e  Code  Wk  stm32f4xx_hal.o [1]
HAL_GPIO_Init           0x08002d41  0x1b2  Code  Gb  stm32f4xx_hal_gpio.o [1]
HAL_GPIO_WritePin       0x08002ef3    0xc  Code  Gb  stm32f4xx_hal_gpio.o [1]
HAL_GetTick             0x0800206d    0xc  Code  Wk  stm32f4xx_hal.o [1]
HAL_IncTick             0x0800459d   0x10  Code  Wk  stm32f4xx_hal.o [1]
HAL_Init                0x08003c0d   0x30  Code  Gb  stm32f4xx_hal.o [1]
HAL_InitTick            0x080035a9   0x28  Code  Wk  stm32f4xx_hal.o [1]
HAL_MspInit             0x0800408f   0x60  Code  Gb  stm32f4xx_hal_msp.o [1]
HAL_NVIC_EnableIRQ      0x08002f9f    0xa  Code  Gb  stm32f4xx_hal_cortex.o [1]
HAL_NVIC_SetPriority    0x08002f65   0x3a  Code  Gb  stm32f4xx_hal_cortex.o [1]
HAL_NVIC_SetPriorityGrouping
                        0x08002f4b   0x1a  Code  Gb  stm32f4xx_hal_cortex.o [1]
HAL_PCDEx_SetRxFiFo     0x0800359f    0x8  Code  Gb  stm32f4xx_hal_pcd_ex.o [1]
HAL_PCDEx_SetTxFiFo     0x0800355d   0x42  Code  Gb  stm32f4xx_hal_pcd_ex.o [1]
HAL_PCD_ConnectCallback
                        0x08002987    0x8  Code  Gb  usbd_conf.o [1]
HAL_PCD_DataInStageCallback
                        0x0800290b   0x12  Code  Gb  usbd_conf.o [1]
HAL_PCD_DataOutStageCallback
                        0x080028f7   0x14  Code  Gb  usbd_conf.o [1]
HAL_PCD_DisconnectCallback
                        0x0800298f    0x8  Code  Gb  usbd_conf.o [1]
HAL_PCD_EP_Close        0x0800268b   0x2c  Code  Gb  stm32f4xx_hal_pcd.o [1]
HAL_PCD_EP_ClrStall     0x08002793   0x38  Code  Gb  stm32f4xx_hal_pcd.o [1]
HAL_PCD_EP_GetRxCount   0x080026d3   0x12  Code  Gb  stm32f4xx_hal_pcd.o [1]
HAL_PCD_EP_Open         0x08002637   0x54  Code  Gb  stm32f4xx_hal_pcd.o [1]
HAL_PCD_EP_Receive      0x080026b7   0x1c  Code  Gb  stm32f4xx_hal_pcd.o [1]
HAL_PCD_EP_SetStall     0x08002735   0x56  Code  Gb  stm32f4xx_hal_pcd.o [1]
HAL_PCD_EP_Transmit     0x080026e5   0x1a  Code  Gb  stm32f4xx_hal_pcd.o [1]
HAL_PCD_IRQHandler      0x0800213f  0x472  Code  Gb  stm32f4xx_hal_pcd.o [1]
HAL_PCD_ISOINIncompleteCallback
                        0x0800297f    0x8  Code  Gb  usbd_conf.o [1]
HAL_PCD_ISOOUTIncompleteCallback
                        0x08002977    0x8  Code  Gb  usbd_conf.o [1]
HAL_PCD_Init            0x08002079   0xa4  Code  Gb  stm32f4xx_hal_pcd.o [1]
HAL_PCD_MspInit         0x08002879   0x72  Code  Gb  usbd_conf.o [1]
HAL_PCD_ResetCallback   0x08002925   0x20  Code  Gb  usbd_conf.o [1]
HAL_PCD_ResumeCallback  0x0800296f    0x8  Code  Gb  usbd_conf.o [1]
HAL_PCD_SOFCallback     0x0800291d    0x8  Code  Gb  usbd_conf.o [1]
HAL_PCD_SetAddress      0x0800261d   0x1a  Code  Gb  stm32f4xx_hal_pcd.o [1]
HAL_PCD_SetupStageCallback
                        0x080028eb    0xc  Code  Gb  usbd_conf.o [1]
HAL_PCD_Start           0x08002127   0x18  Code  Gb  stm32f4xx_hal_pcd.o [1]
HAL_PCD_SuspendCallback
                        0x08002945   0x2a  Code  Gb  usbd_conf.o [1]
HAL_RCC_ClockConfig     0x08002bc9   0xfe  Code  Gb  stm32f4xx_hal_rcc.o [1]
HAL_RCC_GetHCLKFreq     0x08002cd3    0x6  Code  Gb  stm32f4xx_hal_rcc.o [1]
HAL_RCC_OscConfig       0x08003dbd  0x2d0  Code  Wk  stm32f4xx_hal_rcc.o [1]
HAL_SYSTICK_CLKSourceConfig
                        0x08002fdb   0x1a  Code  Gb  stm32f4xx_hal_cortex.o [1]
HAL_SYSTICK_Config      0x08002fb3   0x28  Code  Gb  stm32f4xx_hal_cortex.o [1]
HAL_SYSTICK_IRQHandler  0x0800300d    0x4  Code  Gb  stm32f4xx_hal_cortex.o [1]
HEAP$$Base              0x20000fe8          --   Gb  - Linker created -
HEAP$$Limit             0x200011e8          --   Gb  - Linker created -
MX_GPIO_Init            0x08003359  0x182  Code  Lc  main.o [1]
MX_USB_DEVICE_Init      0x08003c41   0x38  Code  Gb  usb_device.o [1]
NVIC_SetPriority        0x08002f2d   0x1e  Code  Lc  stm32f4xx_hal_cortex.o [1]
OTG_FS_IRQHandler       0x08004593    0x6  Code  Gb  stm32f4xx_it.o [1]
PCD_WriteEmptyTxFifo    0x080027e9   0x8e  Code  Lc  stm32f4xx_hal_pcd.o [1]
Region$$Table$$Base     0x08004530          --   Gb  - Linker created -
Region$$Table$$Limit    0x08004550          --   Gb  - Linker created -
SysTick_Handler         0x08004585    0xe  Code  Gb  stm32f4xx_it.o [1]
SystemClock_Config      0x080032b1   0xa8  Code  Gb  main.o [1]
SystemCoreClock         0x20000000    0x4  Data  Gb  system_stm32f4xx.o [1]
SystemInit              0x08004445   0x3a  Code  Gb  system_stm32f4xx.o [1]
USBD_CDC                0x20000010   0x38  Data  Gb  usbd_cdc.o [1]
USBD_CDC_CfgFSDesc      0x2000008c   0x44  Data  Gb  usbd_cdc.o [1]
USBD_CDC_CfgHSDesc      0x20000048   0x44  Data  Gb  usbd_cdc.o [1]
USBD_CDC_DataIn         0x0800420b   0x14  Code  Lc  usbd_cdc.o [1]
USBD_CDC_DataOut        0x0800421f   0x2a  Code  Lc  usbd_cdc.o [1]
USBD_CDC_DeInit         0x0800416f   0x36  Code  Lc  usbd_cdc.o [1]
USBD_CDC_DeviceQualifierDesc
                        0x20000004    0xc  Data  Lc  usbd_cdc.o [1]
USBD_CDC_EP0_RxReady    0x08004249   0x26  Code  Lc  usbd_cdc.o [1]
USBD_CDC_GetDeviceQualifierDescriptor
                        0x08004287    0x8  Code  Gb  usbd_cdc.o [1]
USBD_CDC_GetFSCfgDesc   0x0800426f    0x8  Code  Lc  usbd_cdc.o [1]
USBD_CDC_GetHSCfgDesc   0x08004277    0x8  Code  Lc  usbd_cdc.o [1]
USBD_CDC_GetOtherSpeedCfgDesc
                        0x0800427f    0x8  Code  Lc  usbd_cdc.o [1]
USBD_CDC_Init           0x080040f1   0x74  Code  Lc  usbd_cdc.o [1]
USBD_CDC_OtherSpeedCfgDesc
                        0x200000d0   0x44  Data  Gb  usbd_cdc.o [1]
USBD_CDC_ReceivePacket  0x080042fb   0x26  Code  Gb  usbd_cdc.o [1]
USBD_CDC_RegisterInterface
                        0x080042a5    0xe  Code  Gb  usbd_cdc.o [1]
USBD_CDC_SetRxBuffer    0x080042c3    0xc  Code  Gb  usbd_cdc.o [1]
USBD_CDC_SetTxBuffer    0x080042b3   0x10  Code  Gb  usbd_cdc.o [1]
USBD_CDC_Setup          0x080041a5   0x66  Code  Lc  usbd_cdc.o [1]
USBD_CDC_Setup::ifalt   0x20000be4    0x1  Data  Lc  usbd_cdc.o [1]
USBD_CDC_TransmitPacket
                        0x080042cf   0x2c  Code  Gb  usbd_cdc.o [1]
USBD_ClrClassConfig     0x08003069    0xa  Code  Gb  usbd_core.o [1]
USBD_CtlContinueRx      0x08003bdf    0x4  Code  Gb  usbd_ioreq.o [1]
USBD_CtlContinueSendData
                        0x08003bbb    0x4  Code  Gb  usbd_ioreq.o [1]
USBD_CtlError           0x08003b4d   0x16  Code  Gb  usbd_ctlreq.o [1]
USBD_CtlPrepareRx       0x08003bcb   0x14  Code  Gb  usbd_ioreq.o [1]
USBD_CtlReceiveStatus   0x08003bfd    0xe  Code  Gb  usbd_ioreq.o [1]
USBD_CtlSendData        0x08003bab   0x10  Code  Gb  usbd_ioreq.o [1]
USBD_CtlSendStatus      0x08003bef    0xe  Code  Gb  usbd_ioreq.o [1]
USBD_FS_ConfigStrDescriptor
                        0x080043d5    0xc  Code  Gb  usbd_desc.o [1]
USBD_FS_DeviceDesc      0x20000140   0x14  Data  Gb  usbd_desc.o [1]
USBD_FS_DeviceDescriptor
                        0x08004385    0x8  Code  Gb  usbd_desc.o [1]
USBD_FS_InterfaceStrDescriptor
                        0x080043e1    0xc  Code  Gb  usbd_desc.o [1]
USBD_FS_LangIDStrDescriptor
                        0x0800438d    0x8  Code  Gb  usbd_desc.o [1]
USBD_FS_ManufacturerStrDescriptor
                        0x080043a1    0xa  Code  Gb  usbd_desc.o [1]
USBD_FS_ProductStrDescriptor
                        0x08004395    0xc  Code  Gb  usbd_desc.o [1]
USBD_FS_SerialStrDescriptor
                        0x080043b5    0xc  Code  Gb  usbd_desc.o [1]
USBD_GetDescriptor      0x08003a2d   0xf2  Code  Lc  usbd_ctlreq.o [1]
USBD_GetString          0x08003b63   0x48  Code  Gb  usbd_ctlreq.o [1]
USBD_Init               0x08003013   0x26  Code  Gb  usbd_core.o [1]
USBD_Interface_fops_FS  0x20000114   0x10  Data  Gb  usbd_cdc_if.o [1]
USBD_LL_ClearStallEP    0x08002a7f   0x1a  Code  Gb  usbd_conf.o [1]
USBD_LL_CloseEP         0x08002a4b   0x1a  Code  Gb  usbd_conf.o [1]
USBD_LL_DataInStage     0x0800312b   0x94  Code  Gb  usbd_core.o [1]
USBD_LL_DataOutStage    0x080030c9   0x62  Code  Gb  usbd_core.o [1]
USBD_LL_DevConnected    0x0800323d    0x4  Code  Gb  usbd_core.o [1]
USBD_LL_DevDisconnected
                        0x08003241   0x12  Code  Gb  usbd_core.o [1]
USBD_LL_GetRxDataSize   0x08002b07    0x8  Code  Gb  usbd_conf.o [1]
USBD_LL_Init            0x08002997   0x68  Code  Gb  usbd_conf.o [1]
USBD_LL_IsStallEP       0x08002a99   0x20  Code  Gb  usbd_conf.o [1]
USBD_LL_IsoINIncomplete
                        0x08003235    0x4  Code  Gb  usbd_core.o [1]
USBD_LL_IsoOUTIncomplete
                        0x08003239    0x4  Code  Gb  usbd_core.o [1]
USBD_LL_OpenEP          0x08002a2b   0x20  Code  Gb  usbd_conf.o [1]
USBD_LL_PrepareReceive  0x08002aed   0x1a  Code  Gb  usbd_conf.o [1]
USBD_LL_Reset           0x080031bf   0x40  Code  Gb  usbd_core.o [1]
USBD_LL_Resume          0x08003211    0x6  Code  Gb  usbd_core.o [1]
USBD_LL_SOF             0x0800321d   0x18  Code  Gb  usbd_core.o [1]
USBD_LL_SetSpeed        0x080031ff    0x6  Code  Gb  usbd_core.o [1]
USBD_LL_SetUSBAddress   0x08002ab9   0x1a  Code  Gb  usbd_conf.o [1]
USBD_LL_SetupStage      0x08003073   0x56  Code  Gb  usbd_core.o [1]
USBD_LL_StallEP         0x08002a65   0x1a  Code  Gb  usbd_conf.o [1]
USBD_LL_Start           0x08002a11   0x1a  Code  Gb  usbd_conf.o [1]
USBD_LL_Suspend         0x08003205    0xc  Code  Gb  usbd_core.o [1]
USBD_LL_Transmit        0x08002ad3   0x1a  Code  Gb  usbd_conf.o [1]
USBD_LangIDDesc         0x20000154    0x4  Data  Gb  usbd_desc.o [1]
USBD_ParseSetupRequest  0x08003b25   0x28  Code  Gb  usbd_ctlreq.o [1]
USBD_RegisterClass      0x08003039   0x10  Code  Gb  usbd_core.o [1]
USBD_SetClassConfig     0x08003053   0x16  Code  Gb  usbd_core.o [1]
USBD_SetConfig::cfgidx  0x20000be5    0x1  Data  Lc  usbd_ctlreq.o [1]
USBD_Start              0x08003049    0xa  Code  Gb  usbd_core.o [1]
USBD_StdDevReq          0x08003801  0x12a  Code  Gb  usbd_ctlreq.o [1]
USBD_StdEPReq           0x08003965   0xbc  Code  Gb  usbd_ctlreq.o [1]
USBD_StdItfReq          0x08003931   0x2e  Code  Gb  usbd_ctlreq.o [1]
USBD_StrDesc            0x2000076c  0x200  Data  Gb  usbd_desc.o [1]
USB_ActivateEndpoint    0x0800194f   0x68  Code  Gb  stm32f4xx_ll_usb.o [1]
USB_ActivateSetup       0x08001f9f   0x2e  Code  Gb  stm32f4xx_ll_usb.o [1]
USB_CoreInit            0x0800171d   0x6e  Code  Gb  stm32f4xx_ll_usb.o [1]
USB_CoreReset           0x08001ffd   0x2a  Code  Lc  stm32f4xx_ll_usb.o [1]
USB_DeactivateEndpoint  0x080019c5   0x68  Code  Gb  stm32f4xx_ll_usb.o [1]
USB_DevConnect          0x08001f13    0xe  Code  Gb  stm32f4xx_ll_usb.o [1]
USB_DevDisconnect       0x08001f21    0xc  Code  Gb  stm32f4xx_ll_usb.o [1]
USB_DevInit             0x080017c5  0x110  Code  Gb  stm32f4xx_ll_usb.o [1]
USB_DisableGlobalInt    0x08001793    0x6  Code  Gb  stm32f4xx_ll_usb.o [1]
USB_EP0StartXfer        0x08001ce1   0xe4  Code  Gb  stm32f4xx_ll_usb.o [1]
USB_EP0_OutStart        0x08001fcd   0x30  Code  Gb  stm32f4xx_ll_usb.o [1]
USB_EPClearStall        0x08001e95   0x4a  Code  Gb  stm32f4xx_ll_usb.o [1]
USB_EPSetStall          0x08001e47   0x42  Code  Gb  stm32f4xx_ll_usb.o [1]
USB_EPStartXfer         0x08001ac7  0x20a  Code  Gb  stm32f4xx_ll_usb.o [1]
USB_EnableGlobalInt     0x0800178b    0x8  Code  Gb  stm32f4xx_ll_usb.o [1]
USB_FlushRxFifo         0x080018f3   0x1a  Code  Gb  stm32f4xx_ll_usb.o [1]
USB_FlushTxFifo         0x080018d5   0x1e  Code  Gb  stm32f4xx_ll_usb.o [1]
USB_GetDevSpeed         0x08001917   0x38  Code  Gb  stm32f4xx_ll_usb.o [1]
USB_GetMode             0x08001f97    0x8  Code  Gb  stm32f4xx_ll_usb.o [1]
USB_ReadDevAllInEpInterrupt
                        0x08001f51    0xe  Code  Gb  stm32f4xx_ll_usb.o [1]
USB_ReadDevAllOutEpInterrupt
                        0x08001f43    0xe  Code  Gb  stm32f4xx_ll_usb.o [1]
USB_ReadDevInEPInterrupt
                        0x08001f75   0x22  Code  Gb  stm32f4xx_ll_usb.o [1]
USB_ReadDevOutEPInterrupt
                        0x08001f5f   0x16  Code  Gb  stm32f4xx_ll_usb.o [1]
USB_ReadInterrupts      0x08001f39    0xa  Code  Gb  stm32f4xx_ll_usb.o [1]
USB_ReadPacket          0x08001e29   0x1e  Code  Gb  stm32f4xx_ll_usb.o [1]
USB_SetCurrentMode      0x0800179f   0x26  Code  Gb  stm32f4xx_ll_usb.o [1]
USB_SetDevAddress       0x08001ef7   0x16  Code  Gb  stm32f4xx_ll_usb.o [1]
USB_SetDevSpeed         0x0800190d    0xa  Code  Gb  stm32f4xx_ll_usb.o [1]
USB_WritePacket         0x08001e03   0x26  Code  Gb  stm32f4xx_ll_usb.o [1]
UserRxBufferFS          0x20000b44   0x40  Data  Gb  usbd_cdc_if.o [1]
UserTxBufferFS          0x20000b84   0x40  Data  Gb  usbd_cdc_if.o [1]
_Error_Handler          0x0800355b    0x2  Code  Gb  main.o [1]
__aeabi_ldiv0           0x0800408d         Code  Gb  I64DivZer.o [5]
__aeabi_memclr          0x08003db5         Code  Gb  ABImemclr.o [5]
__aeabi_memcpy4         0x08002b41         Code  Gb  ABImemcpy.o [5]
__aeabi_memcpy8         0x08002b41         Code  Gb  ABImemcpy.o [5]
__aeabi_uldivmod        0x080035d1         Code  Gb  I64DivMod.o [5]
__cmain                 0x08004551         Code  Gb  cmain.o [5]
__data_GetMemChunk      0x080016dd   0x2c  Code  Gb  xgetmemchunk.o [3]
__data_GetMemChunk::start
                        0x20000be0    0x4  Data  Lc  xgetmemchunk.o [3]
__exit                  0x08001709   0x14  Code  Gb  exit.o [6]
__iar_Memset_word       0x08004321         Code  Gb  ABImemset.o [5]
__iar_data_init3        0x080044e5   0x28  Code  Gb  data_init.o [5]
__iar_dlfree            0x08001163  0x4f6  Code  Gb  dlmalloc.o [3]
__iar_dlmalloc          0x08000ead  0x2b6  Code  Gb  dlmalloc.o [3]
__iar_init_vfp          0x0800450d         Code  Gb  fpinit_M.o [4]
__iar_lz77_init_single3
                        0x08001663   0x7a  Code  Gb  lz77_init_single.o [5]
__iar_program_start     0x080045bd         Code  Gb  cstartup_M.o [5]
__iar_systems$$module {Abs}
                        0x00000001         Data  Gb  command line/config [2]
__iar_zero_init3        0x080044a5   0x40  Code  Gb  zero_init3.o [5]
__low_level_init        0x0800456f    0x4  Code  Gb  low_level_init.o [3]
__vector_table          0x08000000         Data  Gb  startup_stm32f407xx.o [1]
_call_main              0x0800455d         Code  Gb  cmain.o [5]
_exit                   0x08004579         Code  Gb  cexit.o [5]
_gm_                    0x2000096c  0x1d8  Data  Lc  dlmalloc.o [3]
_main                   0x0800456b         Code  Gb  cmain.o [5]
abort                   0x0800165d    0x6  Code  Gb  abort.o [3]
add_segment             0x0800054d  0x1f2  Code  Lc  dlmalloc.o [3]
exit                    0x08004573    0x4  Code  Gb  exit.o [3]
free                    0x0800437f    0x4  Code  Gb  heaptramp0.o [3]
hUsbDeviceFS            0x20000548  0x224  Data  Gb  usb_device.o [1]
hpcd_USB_OTG_FS         0x20000158  0x3f0  Data  Gb  usbd_conf.o [1]
init_mparams            0x080001a7   0x32  Code  Lc  dlmalloc.o [3]
init_top                0x080001d9   0x32  Code  Lc  dlmalloc.o [3]
main                    0x08003259   0x58  Code  Gb  main.o [1]
mparams                 0x20000bc4   0x18  Data  Lc  dlmalloc.o [3]
prepend_alloc           0x0800020b  0x342  Code  Lc  dlmalloc.o [3]
segment_holding         0x08000189   0x1e  Code  Lc  dlmalloc.o [3]
strcat                  0x08003d21   0x20  Code  Gb  strcat.o [3]
strlen                  0x08003c79         Code  Gb  strlen.o [5]
strncpy                 0x08003cb1         Code  Gb  strncpy.o [5]
sys_alloc               0x08000745  0x164  Code  Lc  dlmalloc.o [3]
sys_trim                0x080008a9   0x66  Code  Lc  dlmalloc.o [3]
tmalloc_large           0x0800091d  0x384  Code  Lc  dlmalloc.o [3]
tmalloc_small           0x08000ca1  0x1fe  Code  Lc  dlmalloc.o [3]
uwTick                  0x20000bdc    0x4  Data  Gb  stm32f4xx_hal.o [1]


[1] = C:\Users\gunho\Desktop\usb_cdc\EWARM\usb_cdc\Obj
[2] = command line
[3] = dl7M_tlf.a
[4] = m7M_tls.a
[5] = rt7M_tl.a
[6] = shb_l.a

  18 182 bytes of readonly  code memory
     241 bytes of readonly  data memory
   4 582 bytes of readwrite data memory

Errors: none
Warnings: none
